// Jest Snapshot v1, https://goo.gl/fbAQLP

exports[`PermissionLoader should render the PermissionLoader component correctly 1`] = `
<View
  style={
    {
      "alignItems": "center",
      "flex": 1,
      "justifyContent": "center",
    }
  }
>
  <ActivityIndicator
    aria-label="loading"
    data-style=""
    dataSet={
      {
        "style": "",
      }
    }
    size={42}
    style={
      [
        undefined,
        {},
        undefined,
      ]
    }
    tabIndex={0}
  />
</View>
`;
